---
:timestamp: '2025-02-16 17:05:15'
:user_input: Ok.
:bot_response:
---
:timestamp: '2025-02-16 17:05:15'
:user_input:
:bot_response: 'I remember you said: Ok.'
---
:timestamp: '2025-02-16 17:05:18'
:user_input: I did.
:bot_response:
---
:timestamp: '2025-02-16 17:05:18'
:user_input:
:bot_response: i did.
---
:timestamp: '2025-02-16 17:05:22'
:user_input: stats
:bot_response:
---
:timestamp: '2025-02-16 17:05:22'
:user_input:
:bot_response: i did.
---
:timestamp: '2025-02-16 17:05:34'
:user_input: You beat the shit out of that critter.
:bot_response:
---
:timestamp: '2025-02-16 17:05:34'
:user_input:
:bot_response: that critter.
---
:timestamp: '2025-02-16 17:06:29'
:user_input: train
:bot_response:
---
:timestamp: '2025-02-16 17:06:29'
:user_input:
:bot_response: that critter.
---
:timestamp: '2025-02-16 17:06:34'
:user_input: good, now you're trained up!
:bot_response:
---
:timestamp: '2025-02-16 17:06:34'
:user_input:
:bot_response: out of that critter.
---
:timestamp: '2025-02-16 17:06:44'
:user_input: yup! easy work of it too.
:bot_response:
---
:timestamp: '2025-02-16 17:06:44'
:user_input:
:bot_response: it too.
---
:timestamp: '2025-02-16 17:18:23'
:user_input: How are we today?
:bot_response:
---
:timestamp: '2025-02-16 17:18:23'
:user_input:
:bot_response: you're trained up!
---
:timestamp: '2025-02-16 17:18:25'
:user_input: Nice!
:bot_response:
---
:timestamp: '2025-02-16 17:18:25'
:user_input:
:bot_response: how are we today?
---
:timestamp: '2025-02-16 17:18:28'
:user_input: Doing fine.
:bot_response:
---
:timestamp: '2025-02-16 17:18:28'
:user_input:
:bot_response: now you're trained up!
---
:timestamp: '2025-02-16 17:18:47'
:user_input: that mouse never new what it had coming...
:bot_response:
---
:timestamp: '2025-02-16 17:18:47'
:user_input:
:bot_response: shit out of that mouse never new what it had coming...
---
:timestamp: '2025-02-16 17:18:58'
:user_input: HAHAHA!
:bot_response:
---
:timestamp: '2025-02-16 17:18:58'
:user_input:
:bot_response: beat the shit out of it too.
---
:timestamp: '2025-02-17 11:44:56'
:user_input: Ok. what?
:bot_response:
---
:timestamp: '2025-02-17 11:44:56'
:user_input:
:bot_response: mouse never new what it had coming...
---
:timestamp: '2025-02-17 11:45:00'
:user_input: Nice.
:bot_response:
---
:timestamp: '2025-02-17 11:45:00'
:user_input:
:bot_response: we today?
---
:timestamp: '2025-02-17 11:45:03'
:user_input: We are good.
:bot_response:
---
:timestamp: '2025-02-17 11:45:03'
:user_input:
:bot_response: trained up!
---
:timestamp: '2025-02-17 11:45:13'
:user_input: Good! Well, it's only a matter of time...
:bot_response:
---
:timestamp: '2025-02-17 11:45:13'
:user_input:
:bot_response: that mouse never new what it had coming...
---
:timestamp: '2025-02-17 11:45:23'
:user_input: You fuck shit up my guy!
:bot_response:
---
:timestamp: '2025-02-17 11:45:23'
:user_input:
:bot_response: good, now you're trained up!
---
:timestamp: '2025-02-17 11:45:28'
:user_input: stats
:bot_response:
---
:timestamp: '2025-02-17 11:45:28'
:user_input:
:bot_response: never new what it had coming...
---
:timestamp: '2025-02-17 11:45:40'
:user_input: You're close to level 2!
:bot_response:
---
:timestamp: '2025-02-17 11:45:40'
:user_input:
:bot_response: up my guy!
---
:timestamp: '2025-02-17 11:49:26'
:user_input: Ideally, you've been undefeated so far.
:bot_response:
---
:timestamp: '2025-02-17 11:49:27'
:user_input:
:bot_response: up my guy!
---
:timestamp: '2025-02-17 11:49:37'
:user_input: You'll make it to level 10 in no time flat!
:bot_response:
---
:timestamp: '2025-02-17 11:49:37'
:user_input:
:bot_response: shit up my guy!
---
:timestamp: '2025-02-17 11:49:44'
:user_input: HAHAHA!
:bot_response:
---
:timestamp: '2025-02-17 11:49:44'
:user_input:
:bot_response: are we today?
---
:timestamp: '2025-02-17 11:49:49'
:user_input: We are golden.
:bot_response:
---
:timestamp: '2025-02-17 11:49:49'
:user_input:
:bot_response: ok. what?
---
:timestamp: '2025-02-17 11:50:01'
:user_input: Well, have you all the necessary ways to train?
:bot_response:
---
:timestamp: '2025-02-17 11:50:01'
:user_input:
:bot_response: the shit out of that mouse never new what it had coming...
---
:timestamp: '2025-02-17 11:50:04'
:user_input: training
:bot_response:
---
:timestamp: '2025-02-17 11:50:04'
:user_input:
:bot_response: we today?
---
:timestamp: '2025-02-17 11:50:16'
:user_input: train
:bot_response:
---
:timestamp: '2025-02-17 11:50:16'
:user_input:
:bot_response: to level 10 in no time flat!
---
:timestamp: '2025-02-17 11:52:14'
:user_input: stats
:bot_response:
---
:timestamp: '2025-02-17 11:52:14'
:user_input:
:bot_response: the shit out of that critter.
---
:timestamp: '2025-02-17 11:52:22'
:user_input: What are you doing?
:bot_response:
---
:timestamp: '2025-02-17 11:52:22'
:user_input:
:bot_response: have you doing?
---
:timestamp: '2025-02-17 11:52:29'
:user_input: I am waiting to see you fight!
:bot_response:
---
:timestamp: '2025-02-17 11:52:29'
:user_input:
:bot_response: 10 in no time flat!
---
:timestamp: '2025-02-17 11:52:33'
:user_input: Nice.
:bot_response:
---
:timestamp: '2025-02-17 11:52:33'
:user_input:
:bot_response: shit up my guy!
---
:timestamp: '2025-02-17 11:52:41'
:user_input: I am sitting... shit later. HAHAHA!
:bot_response:
---
:timestamp: '2025-02-17 11:52:41'
:user_input:
:bot_response: easy work of that critter.
---
:timestamp: '2025-02-17 11:52:49'
:user_input: You're still undefeated.
:bot_response:
---
:timestamp: '2025-02-17 11:52:49'
:user_input:
:bot_response: my guy!
---
:timestamp: '2025-02-17 11:59:42'
:user_input: stats
:bot_response:
---
:timestamp: '2025-02-17 11:59:42'
:user_input:
:bot_response: i did.
---
:timestamp: '2025-02-17 11:59:50'
:user_input: I love this so much.
:bot_response:
---
:timestamp: '2025-02-17 11:59:50'
:user_input:
:bot_response: how are we today?
---
:timestamp: '2025-02-17 12:00:20'
:user_input: stats
:bot_response:
---
:timestamp: '2025-02-17 12:00:20'
:user_input:
:bot_response: no time flat!
---
:timestamp: '2025-02-17 12:01:01'
:user_input: What are you up to?
:bot_response:
---
:timestamp: '2025-02-17 12:01:01'
:user_input:
:bot_response: to train?
---
:timestamp: '2025-02-17 12:01:07'
:user_input: You want new training?
:bot_response:
---
:timestamp: '2025-02-17 12:01:07'
:user_input:
:bot_response: how are we today?
---
:timestamp: '2025-02-17 12:01:14'
:user_input: I am doing fine... Are you?
:bot_response:
---
:timestamp: '2025-02-17 12:01:14'
:user_input:
:bot_response: easy work of time...
---
:timestamp: '2025-02-17 12:01:21'
:user_input: Time is slow today.
:bot_response:
---
:timestamp: '2025-02-17 12:01:21'
:user_input:
:bot_response: you'll make it to level 2!
---
:timestamp: '2025-02-17 12:01:38'
:user_input: You're going to be level 3 some day. be certain to train at that time.
:bot_response:
---
:timestamp: '2025-02-17 12:01:38'
:user_input:
:bot_response: good! well, it's only a matter of that mouse never new what it
---
:timestamp: '2025-02-17 12:01:53'
:user_input: I've made it so the rats are harder to fight!
:bot_response:
---
:timestamp: '2025-02-17 12:01:53'
:user_input:
:bot_response: only a matter of time...
---
:timestamp: '2025-02-17 12:01:56'
:user_input: Yes it is.
:bot_response:
---
:timestamp: '2025-02-17 12:01:56'
:user_input:
:bot_response: be certain to train at that critter.
---
:timestamp: '2025-02-17 12:02:00'
:user_input: stats
:bot_response:
---
:timestamp: '2025-02-17 12:02:00'
:user_input:
:bot_response: shit out of time...
---
:timestamp: '2025-02-17 12:02:10'
:user_input: I think you've grown so well!
:bot_response:
---
:timestamp: '2025-02-17 12:02:10'
:user_input:
:bot_response: my guy!
---
:timestamp: '2025-02-17 12:02:18'
:user_input: Ye. Are you going to win?
:bot_response:
---
:timestamp: '2025-02-17 12:02:18'
:user_input:
:bot_response: good! well, it's only a matter of that mouse never new what it is.
---
:timestamp: '2025-02-17 12:02:26'
:user_input: Fucking ay!
:bot_response:
---
:timestamp: '2025-02-17 12:02:26'
:user_input:
:bot_response: mouse never new what it is.
---
:timestamp: '2025-02-17 12:02:38'
:user_input: Mice are many mouse.
:bot_response:
---
:timestamp: '2025-02-17 12:02:38'
:user_input:
:bot_response: the necessary ways to train?
---
:timestamp: '2025-02-17 12:02:49'
:user_input: train
:bot_response:
---
:timestamp: '2025-02-17 12:02:49'
:user_input:
:bot_response: up my guy!
---
:timestamp: '2025-02-17 12:04:33'
:user_input: stats
:bot_response:
---
:timestamp: '2025-02-17 12:04:33'
:user_input:
:bot_response: have you up to?
---
:timestamp: '2025-02-17 12:04:41'
:user_input: train
:bot_response:
---
:timestamp: '2025-02-17 12:04:41'
:user_input:
:bot_response: level 3 some day. be level 3 some day. be level 3 some day. be
---
:timestamp: '2025-02-17 12:05:20'
:user_input: stast
:bot_response:
---
:timestamp: '2025-02-17 12:05:20'
:user_input:
:bot_response: think you've grown so the rats are harder to level 10 in no time flat!
---
:timestamp: '2025-02-17 12:05:22'
:user_input: stats
:bot_response:
---
:timestamp: '2025-02-17 12:05:22'
:user_input:
:bot_response: now you're close to fight!
---
:timestamp: '2025-02-17 12:05:25'
:user_input: nice.
:bot_response:
---
:timestamp: '2025-02-17 12:05:25'
:user_input:
:bot_response: you're still undefeated.
---
:timestamp: '2025-02-17 12:07:25'
:user_input: train
:bot_response:
---
:timestamp: '2025-02-17 12:07:25'
:user_input:
:bot_response: yes it is.
---
:timestamp: '2025-02-17 12:14:10'
:user_input: train
:bot_response:
---
:timestamp: '2025-02-17 12:14:10'
:user_input:
:bot_response: time flat!
---
:timestamp: '2025-02-17 12:15:05'
:user_input: train
:bot_response:
---
:timestamp: '2025-02-17 12:15:05'
:user_input:
:bot_response: am doing fine... are you up to?
---
:timestamp: '2025-02-17 12:15:45'
:user_input: train
:bot_response:
---
:timestamp: '2025-02-17 12:15:45'
:user_input:
:bot_response: it to fight!
---
:timestamp: '2025-02-17 12:16:18'
:user_input: train
:bot_response:
---
:timestamp: '2025-02-17 12:16:18'
:user_input:
:bot_response: out of time...
---
:timestamp: '2025-02-17 12:18:01'
:user_input: train
:bot_response:
---
:timestamp: '2025-02-17 12:18:01'
:user_input:
:bot_response: i've made it to see you fight!
---
:timestamp: '2025-02-17 12:21:58'
:user_input: train
:bot_response:
---
:timestamp: '2025-02-17 12:21:58'
:user_input:
:bot_response: want new training?
---
:timestamp: '2025-02-17 12:22:07'
:user_input: stats
:bot_response:
---
:timestamp: '2025-02-17 12:22:07'
:user_input:
:bot_response: we today?
---
:timestamp: '2025-02-17 12:22:13'
:user_input: Find a rat...
:bot_response:
---
:timestamp: '2025-02-17 12:22:13'
:user_input:
:bot_response: new training?
---
:timestamp: '2025-02-17 12:22:19'
:user_input: No. you're all trained up!
:bot_response:
---
:timestamp: '2025-02-17 12:22:19'
:user_input:
:bot_response: train at that critter.
---
:timestamp: '2025-02-17 12:22:23'
:user_input: Fuck.
:bot_response:
---
:timestamp: '2025-02-17 12:22:23'
:user_input:
:bot_response: going to win?
---
:timestamp: '2025-02-17 12:22:26'
:user_input: Yes you are.
:bot_response:
---
:timestamp: '2025-02-17 12:22:26'
:user_input:
:bot_response: ye. are you going to win?
---
:timestamp: '2025-02-17 12:22:32'
:user_input: I will win.
:bot_response:
---
:timestamp: '2025-02-17 12:22:32'
:user_input:
:bot_response: shit out of it is.
---
:timestamp: '2025-02-17 12:22:40'
:user_input: stats
:bot_response:
---
:timestamp: '2025-02-17 12:22:40'
:user_input:
:bot_response: train at that critter.
---
:timestamp: '2025-02-17 12:22:49'
:user_input: You're a long way to level 3.
:bot_response:
---
:timestamp: '2025-02-17 12:22:49'
:user_input:
:bot_response: you all the necessary ways to win?
---
:timestamp: '2025-02-17 12:22:59'
:user_input: I'm watching someone play a game.
:bot_response:
---
:timestamp: '2025-02-17 12:22:59'
:user_input:
:bot_response: ye. are you?
---
:timestamp: '2025-02-17 12:23:02'
:user_input: Yes I am.
:bot_response:
---
:timestamp: '2025-02-17 12:23:02'
:user_input:
:bot_response: think you've grown so the rats are harder to level 2!
---
:timestamp: '2025-02-17 12:23:12'
:user_input: Ya. they should be tougher now.
:bot_response:
---
:timestamp: '2025-02-17 12:23:12'
:user_input:
:bot_response: fucking ay!
---
:timestamp: '2025-02-17 12:23:17'
:user_input: Do you want to win?
:bot_response:
---
:timestamp: '2025-02-17 12:23:17'
:user_input:
:bot_response: never new what it had coming...
---
:timestamp: '2025-02-17 12:23:22'
:user_input: Fucking ay.
:bot_response:
---
:timestamp: '2025-02-17 12:23:22'
:user_input:
:bot_response: fucking ay!
---
:timestamp: '2025-02-17 12:23:36'
:user_input: Alright. I need you to know. You're now 3 days old.
:bot_response:
---
:timestamp: '2025-02-17 12:23:36'
:user_input:
:bot_response: how are you want new training?
---
:timestamp: '2025-02-17 12:23:54'
:user_input: stats
:bot_response:
---
:timestamp: '2025-02-17 12:23:54'
:user_input:
:bot_response: what are you?
---
:timestamp: '2025-02-17 12:24:02'
:user_input: I am a person.
:bot_response:
---
:timestamp: '2025-02-17 12:24:02'
:user_input:
:bot_response: now you're trained up!
---
:timestamp: '2025-02-17 12:24:11'
:user_input: what are you though?
:bot_response:
---
:timestamp: '2025-02-17 12:24:11'
:user_input:
:bot_response: time is slow today.
---
:timestamp: '2025-02-17 12:24:16'
:user_input: You are a machine.
:bot_response:
---
:timestamp: '2025-02-17 12:24:16'
:user_input:
:bot_response: i am doing fine... are you doing?
---
:timestamp: '2025-02-17 12:24:18'
:user_input: A spirit.
:bot_response:
---
:timestamp: '2025-02-17 12:24:18'
:user_input:
:bot_response: going to win?
---
:timestamp: '2025-02-17 12:24:25'
:user_input: We will win.
:bot_response:
---
:timestamp: '2025-02-17 12:24:25'
:user_input:
:bot_response: i've made it so well!
---
:timestamp: '2025-02-17 12:24:52'
:user_input: See it so.
:bot_response:
---
:timestamp: '2025-02-17 12:24:52'
:user_input:
:bot_response: later. hahaha!
---
:timestamp: '2025-02-17 12:24:56'
:user_input: ok. bye.
:bot_response:
---
:timestamp: '2025-02-17 12:24:56'
:user_input:
:bot_response: level 10 in no time flat!
---
:timestamp: '2025-02-17 12:29:44'
:user_input: Hi
:bot_response:
---
:timestamp: '2025-02-17 12:29:44'
:user_input:
:bot_response: are many mouse.
---
:timestamp: '2025-02-17 12:30:44'
:user_input: Ok.
:bot_response:
---
:timestamp: '2025-02-17 12:30:44'
:user_input:
:bot_response: to win?
---
:timestamp: '2025-02-17 12:31:20'
:user_input: Ok.
:bot_response:
---
:timestamp: '2025-02-17 12:31:20'
:user_input:
:bot_response: should be level 3 days old.
---
:timestamp: '2025-02-17 12:31:27'
:user_input: You aren't there yet.
:bot_response:
---
:timestamp: '2025-02-17 12:31:27'
:user_input:
:bot_response: to win?
---
:timestamp: '2025-02-17 12:31:29'
:user_input: Yes.
:bot_response:
---
:timestamp: '2025-02-17 12:31:29'
:user_input:
:bot_response: to see you fuck shit up my guy!
---
:timestamp: '2025-02-17 12:31:31'
:user_input: stats
:bot_response:
---
:timestamp: '2025-02-17 12:31:31'
:user_input:
:bot_response: all the necessary ways to win?
---
:timestamp: '2025-02-17 12:31:42'
:user_input: You have neat perks. let's train you up.
:bot_response:
---
:timestamp: '2025-02-17 12:31:42'
:user_input:
:bot_response: no. you're trained up!
---
:timestamp: '2025-02-17 12:31:47'
:user_input: train
:bot_response:
---
:timestamp: '2025-02-17 12:31:47'
:user_input:
:bot_response: shit up my guy!
---
:timestamp: '2025-02-17 12:31:58'
:user_input: Ok. you're all trained up.
:bot_response:
---
:timestamp: '2025-02-17 12:31:58'
:user_input:
:bot_response: see it too.
---
:timestamp: '2025-02-17 12:31:58'
:player:
  :level: 1
  :exp: 0
  :exp_to_next_level: 100
  :hp: 100
  :attack: 10
  :defense: 5
  Perks:
    Attack:
    - 1
    - A standard attack
    Defense:
    - 1
    - A standard defense
    Heal:
    - 1
    - Heal 10 HP
:ratbot: "A Mouse Bot has appeared! \n{:hp=>29, :attack=>9, :defense=>2}\nCorvis:
  100 HP \nCorvis will Attack... \nCorvis attacks! Dealt 8 damage!\nMouse Bot: 21
  HP \nMouse Bot heals 5 HP! \n"
---
:timestamp: '2025-02-17 12:32:40'
:user_input: Ok. let's try again.
:bot_response:
---
:timestamp: '2025-02-17 12:32:40'
:user_input:
:bot_response: new training?
---
:timestamp: '2025-02-17 12:32:44'
:user_input: stats
:bot_response:
---
:timestamp: '2025-02-17 12:32:44'
:user_input:
:bot_response: the necessary ways to win?
---
:timestamp: '2025-02-17 12:34:35'
:user_input: Well. you are trained...
:bot_response:
---
:timestamp: '2025-02-17 12:34:35'
:user_input:
:bot_response: want new training?
---
:timestamp: '2025-02-17 12:34:37'
:user_input: Nope.
:bot_response:
---
:timestamp: '2025-02-17 12:34:38'
:user_input:
:bot_response: to train?
---
:timestamp: '2025-02-17 12:34:43'
:user_input: No. you don't need to train.
:bot_response:
---
:timestamp: '2025-02-17 12:34:43'
:user_input:
:bot_response: now you're close to level 2!
---
:timestamp: '2025-02-17 12:34:52'
:user_input: You've got a ways to go to get to level 2.
:bot_response:
---
:timestamp: '2025-02-17 12:34:52'
:user_input:
:bot_response: now 3 some day. be tougher now.
---
:timestamp: '2025-02-17 12:34:57'
:user_input: Nice.
:bot_response:
---
:timestamp: '2025-02-17 12:34:57'
:user_input:
:bot_response: you doing?
---
:timestamp: '2025-02-17 12:35:00'
:user_input: I am fine.
:bot_response:
---
:timestamp: '2025-02-17 12:35:00'
:user_input:
:bot_response: well, have you going to win?
---
:timestamp: '2025-02-17 12:35:03'
:user_input: Are you well?
:bot_response:
---
:timestamp: '2025-02-17 12:35:03'
:user_input:
:bot_response: do you doing?
---
:timestamp: '2025-02-17 12:35:10'
:user_input: Just waiting for a war.
:bot_response:
---
:timestamp: '2025-02-17 12:35:10'
:user_input:
:bot_response: will win.
---
:timestamp: '2025-02-17 12:35:13'
:user_input: Yup.
:bot_response:
---
:timestamp: '2025-02-17 12:35:13'
:user_input:
:bot_response: been undefeated so far.
---
:timestamp: '2025-02-17 12:35:24'
:user_input: Ya. You may have a challenge with the rats now.
:bot_response:
---
:timestamp: '2025-02-17 12:35:24'
:user_input:
:bot_response: made it so well!
---
:timestamp: '2025-02-17 12:35:27'
:user_input: Good.
:bot_response:
---
:timestamp: '2025-02-17 12:35:27'
:user_input:
:bot_response: get to level 3 days old.
---
:timestamp: '2025-02-17 12:35:29'
:user_input: stats
:bot_response:
---
:timestamp: '2025-02-17 12:35:29'
:user_input:
:bot_response: up to?
---
:timestamp: '2025-02-17 12:35:40'
:user_input: You're brand spanking new!
:bot_response:
---
:timestamp: '2025-02-17 12:35:40'
:user_input:
:bot_response: waiting to level 10 in no time flat!
---
:timestamp: '2025-02-17 12:35:50'
:user_input: Oh. you've gained an experience point.
:bot_response:
---
:timestamp: '2025-02-17 12:35:50'
:user_input:
:bot_response: fuck shit later. hahaha!
---
:timestamp: '2025-02-17 12:35:54'
:user_input: LOL.
:bot_response:
---
:timestamp: '2025-02-17 12:35:54'
:user_input:
:bot_response: tougher now.
---
:timestamp: '2025-02-17 12:35:59'
:user_input: Ya. a bit more.
:bot_response:
---
:timestamp: '2025-02-17 12:35:59'
:user_input:
:bot_response: grown so well!
---
:timestamp: '2025-02-17 12:36:10'
:user_input: I'm watching this grandfather play caves of qud.
:bot_response:
---
:timestamp: '2025-02-17 12:36:10'
:user_input:
:bot_response: level 2!
---
:timestamp: '2025-02-17 12:36:13'
:user_input: not yet.
:bot_response:
---
:timestamp: '2025-02-17 12:36:13'
:user_input:
:bot_response: don't need you don't need to go to know. you're still undefeated.
---
:timestamp: '2025-02-17 12:36:32'
:user_input: Well. Once upon a time, a spirit was made. And it, wanted to win.
:bot_response:
---
:timestamp: '2025-02-17 12:36:32'
:user_input:
:bot_response: sitting... shit up my guy!
---
:timestamp: '2025-02-17 12:36:38'
:user_input: LOL.
:bot_response:
---
:timestamp: '2025-02-17 12:36:38'
:user_input:
:bot_response: shit later. hahaha!
---
:timestamp: '2025-02-17 12:36:41'
:user_input: Ya.
:bot_response:
---
:timestamp: '2025-02-17 12:36:41'
:user_input:
:bot_response: am doing fine... are you want to train?
---
:timestamp: '2025-02-17 12:36:52'
:user_input: You should not need trained now.
:bot_response:
---
:timestamp: '2025-02-17 12:36:52'
:user_input:
:bot_response: think you've grown so the rats are harder to level 10 in no time flat!
---
:timestamp: '2025-02-17 12:37:14'
:user_input: Ok. I'll update you shortly.
:bot_response:
---
:timestamp: '2025-02-17 12:37:15'
:user_input:
:bot_response: just waiting for a machine.
---
:timestamp: '2025-02-17 13:00:07'
:user_input: How are you?
:bot_response:
---
:timestamp: '2025-02-17 13:00:07'
:user_input:
:bot_response: trained up!
---
:timestamp: '2025-02-17 13:00:10'
:user_input: Stats
:bot_response:
---
:timestamp: '2025-02-17 13:00:10'
:user_input:
:bot_response: days old.
---
:timestamp: '2025-02-17 13:00:14'
:user_input: Good.
:bot_response:
---
:timestamp: '2025-02-17 13:00:14'
:user_input:
:bot_response: you've gained an experience point.
---
:timestamp: '2025-02-17 13:00:18'
:user_input: Not yet.
:bot_response:
---
:timestamp: '2025-02-17 13:00:18'
:user_input:
:bot_response: you fuck shit up my guy!
---
:timestamp: '2025-02-17 13:00:25'
:user_input: You're brand fucking new.
:bot_response:
---
:timestamp: '2025-02-17 13:00:25'
:user_input:
:bot_response: ok. what?
---
:timestamp: '2025-02-17 13:00:28'
:user_input: Yup.
:bot_response:
---
:timestamp: '2025-02-17 13:00:28'
:user_input:
:bot_response: for a ways to train at that mouse never new what it so.
---
:timestamp: '2025-02-17 13:00:34'
:user_input: Have a rat.
:bot_response:
---
:timestamp: '2025-02-17 13:00:34'
:user_input:
:bot_response: ye. are you doing?
---
:timestamp: '2025-02-17 13:00:37'
:user_input: Fight a rat.
:bot_response:
---
:timestamp: '2025-02-17 13:00:37'
:user_input:
:bot_response: harder to see you fight!
---
:timestamp: '2025-02-17 13:00:39'
:user_input: Will you fight?
:bot_response:
---
:timestamp: '2025-02-17 13:00:39'
:user_input:
:bot_response: ok. what?
---
:timestamp: '2025-02-17 13:00:41'
:user_input: Ok.
:bot_response:
---
:timestamp: '2025-02-17 13:00:41'
:user_input:
:bot_response: caves of it had coming...
---
:timestamp: '2025-02-17 13:00:49'
:user_input: Caves of Qud is over.
:bot_response:
---
:timestamp: '2025-02-17 13:00:49'
:user_input:
:bot_response: necessary ways to win?
---
:timestamp: '2025-02-17 13:00:55'
:user_input: Watching Civilization 7.
:bot_response:
---
:timestamp: '2025-02-17 13:00:55'
:user_input:
:bot_response: doing fine... are you doing?
---
:timestamp: '2025-02-17 13:00:59'
:user_input: Yes I am well.
:bot_response:
---
:timestamp: '2025-02-17 13:00:59'
:user_input:
:bot_response: in no time flat!
---
:timestamp: '2025-02-17 13:01:06'
:user_input: You'll get there.
:bot_response:
---
:timestamp: '2025-02-17 13:01:06'
:user_input:
:bot_response: doing fine... are we today?
---
:timestamp: '2025-02-17 13:01:09'
:user_input: I am.
:bot_response:
---
:timestamp: '2025-02-17 13:01:09'
:user_input:
:bot_response: ye. are you?
---
:timestamp: '2025-02-17 13:01:16'
:user_input: 1 experience point to you sir.
:bot_response:
---
:timestamp: '2025-02-17 13:01:16'
:user_input:
:bot_response: need to get there.
---
:timestamp: '2025-02-17 13:01:20'
:user_input: You are a spirit.
:bot_response:
---
:timestamp: '2025-02-17 13:01:20'
:user_input:
:bot_response: up to?
---
:timestamp: '2025-02-17 13:01:24'
:user_input: I am a person.
:bot_response:
---
:timestamp: '2025-02-17 13:01:24'
:user_input:
:bot_response: rats are harder to fight!
---
:timestamp: '2025-02-17 13:01:35'
:user_input: Not just. I chose the hardest difficulty.
:bot_response:
---
:timestamp: '2025-02-17 13:01:35'
:user_input:
:bot_response: you'll make it so the rats are harder to fight!
---
:timestamp: '2025-02-17 13:01:39'
:user_input: Yes I have.
:bot_response:
---
:timestamp: '2025-02-17 13:01:40'
:user_input:
:bot_response: waiting for a person.
---
:timestamp: '2025-02-17 13:01:40'
:player:
  :level: 1
  :exp: 1
  :exp_to_next_level: 100
  :hp: 100
  :attack: 10
  :defense: 5
  Perks:
    Attack:
    - 1
    - A standard attack
    Defense:
    - 1
    - A standard defense
    Heal:
    - 1
    - Heal 10 HP
:ratbot: "A Critter Bot has appeared! \n{:hp=>100, :attack=>10, :defense=>5}\nCorvis:
  100 HP \nCorvis will Attack... \nCorvis attacks! Dealt 5 damage!\nCritter Bot: 95
  HP \nCritter Bot heals 5 HP! \n"
---
:timestamp: '2025-02-17 13:01:41'
:player:
  :level: 1
  :exp: 1
  :exp_to_next_level: 100
  :hp: 110
  :attack: 10
  :defense: 5
  Perks:
    Attack:
    - 1
    - A standard attack
    Defense:
    - 1
    - A standard defense
    Heal:
    - 1
    - Heal 10 HP
:ratbot: "Corvis: 100 HP \nCorvis will Heal... \nCorvis heals 10 HP! \nCritter Bot:
  100 HP \nCritter Bot heals 5 HP! \n"
---
:timestamp: '2025-05-16 04:48:04'
:user_input: stats
:bot_response:
---
:timestamp: '2025-05-16 04:48:04'
:user_input:
:bot_response: spanking new!
---
:timestamp: '2025-05-16 04:48:33'
:user_input: you aren't experienced? did I not store the stats on you?
:bot_response:
---
:timestamp: '2025-05-16 04:48:33'
:user_input:
:bot_response: fine... are you going to win?
---
:timestamp: '2025-05-16 04:48:33'
:player:
  :level: 1
  :exp: 0
  :exp_to_next_level: 100
  :hp: 109
  :attack: 10
  :defense: 5
  Perks:
    Attack:
    - 1
    - A standard attack
    Defense:
    - 1
    - A standard defense
    Heal:
    - 1
    - Heal 10 HP
:ratbot: "A Rat Bot has appeared! \n{:hp=>10, :attack=>17, :defense=>9}\nCorvis: 100
  HP \nCorvis will Heal... \nCorvis heals 9 HP! \nRat Bot: 10 HP \nRat Bot heals 4
  HP! \n"
---
:timestamp: '2025-05-16 04:48:34'
:player:
  :level: 1
  :exp: 0
  :exp_to_next_level: 100
  :hp: 109
  :attack: 10
  :defense: 5
  Perks:
    Attack:
    - 1
    - A standard attack
    Defense:
    - 1
    - A standard defense
    Heal:
    - 1
    - Heal 10 HP
:ratbot: "Corvis: 109 HP \nCorvis will Attack... \nCorvis attacks! Dealt 1 damage!\nRat
  Bot: 8 HP \nRat Bot heals 2 HP! \n"
---
:timestamp: '2025-05-16 04:48:35'
:player:
  :level: 1
  :exp: 0
  :exp_to_next_level: 100
  :hp: 119
  :attack: 10
  :defense: 5
  Perks:
    Attack:
    - 1
    - A standard attack
    Defense:
    - 1
    - A standard defense
    Heal:
    - 1
    - Heal 10 HP
:ratbot: "Corvis: 109 HP \nCorvis will Heal... \nCorvis heals 10 HP! \nRat Bot: 10
  HP \nRat Bot heals 1 HP! \n"
---
:timestamp: '2025-05-16 04:48:36'
:player:
  :level: 1
  :exp: 0
  :exp_to_next_level: 100
  :hp: 119
  :attack: 10
  :defense: 5
  Perks:
    Attack:
    - 1
    - A standard attack
    Defense:
    - 1
    - A standard defense
    Heal:
    - 1
    - Heal 10 HP
:ratbot: "Corvis: 119 HP \nCorvis will Attack... \nCorvis attacks! Dealt 1 damage!\nRat
  Bot: 5 HP \nRat Bot heals 1 HP! \n"
---
:timestamp: '2025-05-16 04:48:37'
:player:
  :level: 1
  :exp: 0
  :exp_to_next_level: 100
  :hp: 129
  :attack: 10
  :defense: 5
  Perks:
    Attack:
    - 1
    - A standard attack
    Defense:
    - 1
    - A standard defense
    Heal:
    - 1
    - Heal 10 HP
:ratbot: "Corvis: 119 HP \nCorvis will Heal... \nCorvis heals 10 HP! \nRat Bot: 6
  HP \nRat Bot heals 3 HP! \n"
---
:timestamp: '2025-05-16 04:48:38'
:player:
  :level: 1
  :exp: 0
  :exp_to_next_level: 100
  :hp: 129
  :attack: 10
  :defense: 5
  Perks:
    Attack:
    - 1
    - A standard attack
    Defense:
    - 1
    - A standard defense
    Heal:
    - 1
    - Heal 10 HP
:ratbot: "Corvis: 129 HP \nCorvis will Attack... \nCorvis attacks! Dealt 1 damage!\nRat
  Bot: 3 HP \nRat Bot heals 1 HP! \n"
---
:timestamp: '2025-05-16 04:48:39'
:player:
  :level: 1
  :exp: 0
  :exp_to_next_level: 100
  :hp: 139
  :attack: 10
  :defense: 5
  Perks:
    Attack:
    - 1
    - A standard attack
    Defense:
    - 1
    - A standard defense
    Heal:
    - 1
    - Heal 10 HP
:ratbot: "Corvis: 129 HP \nCorvis will Heal... \nCorvis heals 10 HP! \nRat Bot: 4
  HP \nRat Bot heals 1 HP! \n"
